CREATE TABLE simple_table(
    id int,
    name varchar(5)
);
NOTICE:  deparsed json: {"fmt": "CREATE %{persistence}s TABLE %{if_not_exists}s %{identity}D (%{table_elements:, }s) %{inherits}s %{tablespace}s %{on_commit}s %{partition_by}s %{access_method}s %{with_clause}s", "identity": {"objname": "simple_table", "schemaname": "public"}, "inherits": {"fmt": "INHERITS (%{parents:, }D)", "parents": null, "present": false}, "on_commit": {"fmt": "ON COMMIT %{on_commit_value}s", "present": false, "on_commit_value": null}, "tablespace": {"fmt": "TABLESPACE %{tablespace}I", "present": false, "tablespace": null}, "persistence": "", "with_clause": {"fmt": "WITH", "present": false}, "partition_by": {"fmt": "PARTITION BY %{definition}s", "present": false, "definition": null}, "access_method": {"fmt": "USING %{access_method}I", "present": false, "access_method": null}, "if_not_exists": "", "table_elements": [{"fmt": "%{name}I %{coltype}T %{compression}s %{collation}s %{not_null}s %{default}s %{identity_column}s %{generated_column}s", "name": "id", "type": "column", "coltype": {"typmod": "", "typarray": false, "typename": "int4", "schemaname": "pg_catalog"}, "default": {"fmt": "DEFAULT", "present": false}, "not_null": "", "collation": {"fmt": "COLLATE", "present": false}, "compression": {"fmt": "COMPRESSION %{compression_method}I", "present": false, "compression_method": null}, "identity_column": {"fmt": "", "present": false}, "generated_column": {"fmt": "GENERATED ALWAYS AS", "present": false}}, {"fmt": "%{name}I %{coltype}T %{compression}s %{collation}s %{not_null}s %{default}s %{identity_column}s %{generated_column}s", "name": "name", "type": "column", "coltype": {"typmod": "(5)", "typarray": false, "typename": "varchar", "schemaname": "pg_catalog"}, "default": {"fmt": "DEFAULT", "present": false}, "not_null": "", "collation": {"fmt": "COLLATE %{name}D", "name": {"objname": "default", "schemaname": "pg_catalog"}}, "compression": {"fmt": "COMPRESSION %{compression_method}I", "present": false, "compression_method": null}, "identity_column": {"fmt": "", "present": false}, "generated_column": {"fmt": "GENERATED ALWAYS AS", "present": false}}]}
NOTICE:  re-formed command: CREATE  TABLE  public.simple_table (id pg_catalog.int4      , name pg_catalog."varchar"(5)  COLLATE pg_catalog."default"    )      
-- drop table simple_table;
